== float session: SuperInstance/quilt-float ==
== tick 1: alpha seeds its quilt (wave-66/67 lineage) ==
remote: 
remote: Create a pull request for 'float/alpha' on GitHub by visiting:        
remote:      https://github.com/SuperInstance/quilt-float/pull/new/float/alpha        
remote: 
To https://github.com/SuperInstance/quilt-float.git
 * [new branch]      float/alpha -> float/alpha
[agent alpha] tick tick-1-alpha-seed complete → tick-1-alpha-seed.log
From https://github.com/SuperInstance/quilt-float
 * branch            float/alpha -> FETCH_HEAD
 * [new branch]      float/alpha -> origin/float/alpha
fatal: couldn't find remote ref float/beta
[float-watch] tick 1 (alpha seed): chains ok from genesis (alpha 1 @a075361, beta unpublished) · alpha quilt: 5 cells, why-rate 0.6, regressions 1 · menu: M1=0 M2=1 M3=0.2 → M2
== tick 2: beta seeds its quilt (wave-68/69 lineage) ==
remote: 
remote: Create a pull request for 'float/beta' on GitHub by visiting:        
remote:      https://github.com/SuperInstance/quilt-float/pull/new/float/beta        
remote: 
To https://github.com/SuperInstance/quilt-float.git
 * [new branch]      float/beta -> float/beta
[agent beta] tick tick-2-beta-seed complete → tick-2-beta-seed.log
From https://github.com/SuperInstance/quilt-float
 * branch            float/alpha -> FETCH_HEAD
From https://github.com/SuperInstance/quilt-float
 * branch            float/beta -> FETCH_HEAD
 * [new branch]      float/beta -> origin/float/beta
[float-watch] tick 2 (beta seed): chains ok from genesis (alpha 1 @a075361, beta 1 @5a5f0ac) · beta quilt: 5 cells, why-rate 0.6, regressions 1 · menu: M1=0 M2=1 M3=0.2 → M2
== tick 3: alpha exchange 1 (menu: M2) ==
file:///home/z/my-project/quilt-float/orchestrator/agent.mjs:108
  `# Lesson ${String(les.n).padStart(3, '0')} — ${les.title}\n\nagent: ${agent}\n${les.lineage ? `lineage: ${les.lineage}\n` : ''}\n${les.bodyMd.trim()}\n\n${receiptBlock}`);
                                                                                                                                                 ^

TypeError: Cannot read properties of undefined (reading 'trim')
    at file:///home/z/my-project/quilt-float/orchestrator/agent.mjs:108:146

Node.js v24.21.0
